[themes.3rdwavemedia.com/sphere/bs4/4.0/index.html]
[backblue.gif]
[fade.gif]
[index.html]
[themes.3rdwavemedia.com/sphere/bs4/4.0/favicon.ico]
[themes.3rdwavemedia.com/sphere/bs4/4.0/assets/plugins/bootstrap/css/bootstrap.min.css]
[connect.facebook.net/en_US/fbevents.js]
[themes.3rdwavemedia.com/sphere/bs4/4.0/assets/css/theme-1.css]
[use.fontawesome.com/releases/v5.8.0/js/all.js]
[themes.3rdwavemedia.com/sphere/bs4/4.0/assets/images/profile-image.png]
[themes.3rdwavemedia.com/sphere/bs4/4.0/assets/images/portfolio/portfolio-1.jpg]
[themes.3rdwavemedia.com/sphere/bs4/4.0/assets/images/portfolio/portfolio-2.jpg]
[themes.3rdwavemedia.com/sphere/bs4/4.0/assets/images/portfolio/portfolio-3.jpg]
[themes.3rdwavemedia.com/sphere/bs4/4.0/assets/images/portfolio/portfolio-4.jpg]
[themes.3rdwavemedia.com/sphere/bs4/4.0/assets/images/portfolio/portfolio-5.jpg]
[themes.3rdwavemedia.com/sphere/bs4/4.0/assets/images/portfolio/portfolio-6.jpg]
[themes.3rdwavemedia.com/sphere/bs4/4.0/assets/images/portfolio/portfolio-7.jpg]
[themes.3rdwavemedia.com/sphere/bs4/4.0/assets/images/portfolio/portfolio-8.jpg]
[themes.3rdwavemedia.com/sphere/bs4/4.0/assets/plugins/jquery-3.3.1.min.js]
[themes.3rdwavemedia.com/sphere/bs4/4.0/assets/plugins/popper.min.js]
[themes.3rdwavemedia.com/sphere/bs4/4.0/assets/plugins/bootstrap/js/bootstrap.min.js]
[themes.3rdwavemedia.com/sphere/bs4/4.0/assets/plugins/back-to-top.js]
[themes.3rdwavemedia.com/sphere/bs4/4.0/assets/plugins/jquery-scrollTo/jquery.scrollTo.min.js]
[themes.3rdwavemedia.com/sphere/bs4/4.0/assets/plugins/easy-pie-chart/dist/jquery.easypiechart.min.js]
[themes.3rdwavemedia.com/sphere/bs4/4.0/assets/plugins/imagesloaded.pkgd.min.js]
[themes.3rdwavemedia.com/sphere/bs4/4.0/assets/plugins/isotope.pkgd.min.js]
[themes.3rdwavemedia.com/sphere/bs4/4.0/assets/js/main.js]
[themes.3rdwavemedia.com/sphere/bs4/4.0/index.html]
[themes.3rdwavemedia.com/sphere/bs4/4.0/assets/plugins/bootstrap/css/bootstrap.min.css]
[themes.3rdwavemedia.com/sphere/bs4/4.0/assets/css/theme-1.css]
[themes.3rdwavemedia.com/sphere/bs4/4.0/assets/js/demo/style-switcher.js]
[themes.3rdwavemedia.com/sphere/bs4/4.0/POST]
[connect.facebook.net/en_US/fbevents.js]
[themes.3rdwavemedia.com/sphere/bs4/4.0/POST.html]
